src/controllers/habitController.ts(31,34): error TS2345: Argument of type 'string | string[]' is not assignable to parameter of type 'string'.
  Type 'string[]' is not assignable to type 'string'.
src/controllers/habitController.ts(52,40): error TS2345: Argument of type 'string | string[]' is not assignable to parameter of type 'string'.
  Type 'string[]' is not assignable to type 'string'.
src/controllers/habitController.ts(62,39): error TS2345: Argument of type 'string | string[]' is not assignable to parameter of type 'string'.
  Type 'string[]' is not assignable to type 'string'.
src/controllers/habitController.ts(72,38): error TS2345: Argument of type 'string | string[]' is not assignable to parameter of type 'string'.
  Type 'string[]' is not assignable to type 'string'.
src/repositories/habitRepository.ts(50,3): error TS2322: Type '{ title: string; icon: string; category: string; target: number; startDate: Date; id: string; streak: number; slug: string; trackingStartDate: Date | null; reminderEnabled: boolean | null; ... 7 more ...; updatedAt: Date; }' is not assignable to type 'HabitWithHistory'.
  Property 'history' is missing in type '{ title: string; icon: string; category: string; target: number; startDate: Date; id: string; streak: number; slug: string; trackingStartDate: Date | null; reminderEnabled: boolean | null; ... 7 more ...; updatedAt: Date; }' but required in type '{ history: { id: string; date: Date; habitId: string; }[]; }'.
src/repositories/habitRepository.ts(52,5): error TS2322: Type '{ title?: string | undefined; icon?: string | undefined; category?: string | undefined; target?: number | undefined; frequency?: string | undefined; customFrequency?: Record<string, unknown> | undefined; reminderEnabled?: boolean | undefined; reminderTime?: string | undefined; }' is not assignable to type '(Without<HabitUpdateInput, HabitUncheckedUpdateInput> & HabitUncheckedUpdateInput) | (Without<...> & HabitUpdateInput)'.
  Type '{ title?: string | undefined; icon?: string | undefined; category?: string | undefined; target?: number | undefined; frequency?: string | undefined; customFrequency?: Record<string, unknown> | undefined; reminderEnabled?: boolean | undefined; reminderTime?: string | undefined; }' is not assignable to type 'Without<HabitUncheckedUpdateInput, HabitUpdateInput> & HabitUpdateInput'.
    Type '{ title?: string | undefined; icon?: string | undefined; category?: string | undefined; target?: number | undefined; frequency?: string | undefined; customFrequency?: Record<string, unknown> | undefined; reminderEnabled?: boolean | undefined; reminderTime?: string | undefined; }' is not assignable to type 'HabitUpdateInput'.
      Types of property 'customFrequency' are incompatible.
        Type 'Record<string, unknown> | undefined' is not assignable to type 'NullableJsonNullValueInput | InputJsonValue | undefined'.
          Type 'Record<string, unknown>' is not assignable to type 'NullableJsonNullValueInput | InputJsonValue | undefined'.
            Type 'Record<string, unknown>' is missing the following properties from type 'readonly (InputJsonValue | null)[]': length, concat, join, slice, and 20 more.
src/test/calculateStreak.test.ts(8,18): error TS7006: Parameter 'base' implicitly has an 'any' type.
src/test/calculateStreak.test.ts(8,24): error TS7006: Parameter 'n' implicitly has an 'any' type.
src/test/dbConnection.test.ts(11,12): error TS18046: 'result' is of type 'unknown'.
src/test/habitApi.test.ts(6,7): error TS7034: Variable 'testHabitId' implicitly has type 'any' in some locations where its type cannot be determined.
src/test/habitApi.test.ts(10,9): error TS7005: Variable 'testHabitId' implicitly has an 'any' type.
src/test/habitApi.test.ts(48,53): error TS7005: Variable 'testHabitId' implicitly has an 'any' type.
src/test/habitApi.test.ts(50,32): error TS7005: Variable 'testHabitId' implicitly has an 'any' type.
src/test/habitApi.test.ts(116,27): error TS7005: Variable 'testHabitId' implicitly has an 'any' type.
src/test/habitApi.test.ts(127,27): error TS7005: Variable 'testHabitId' implicitly has an 'any' type.
src/test/habitApi.test.ts(138,56): error TS7005: Variable 'testHabitId' implicitly has an 'any' type.
src/test/habitApi.test.ts(143,58): error TS7005: Variable 'testHabitId' implicitly has an 'any' type.
src/validators/habitValidators.ts(19,22): error TS2554: Expected 2-3 arguments, but got 1.
src/validators/habitValidators.ts(40,22): error TS2554: Expected 2-3 arguments, but got 1.
src/validators/habitValidators.ts(52,15): error TS2769: No overload matches this call.
  Overload 1 of 2, '(params?: string | { error?: string | $ZodErrorMap<$ZodIssueInvalidType<unknown>> | undefined; message?: string | undefined; } | undefined): ZodString', gave the following error.
    Object literal may only specify known properties, and 'required_error' does not exist in type '{ error?: string | $ZodErrorMap<$ZodIssueInvalidType<unknown>> | undefined; message?: string | undefined; }'.
  Overload 2 of 2, '(params?: string | { error?: string | $ZodErrorMap<$ZodIssueInvalidType<unknown>> | undefined; message?: string | undefined; } | undefined): $ZodType<...>', gave the following error.
    Object literal may only specify known properties, and 'required_error' does not exist in type '{ error?: string | $ZodErrorMap<$ZodIssueInvalidType<unknown>> | undefined; message?: string | undefined; }'.
